// Vitest Snapshot v1, https://vitest.dev/guide/snapshot.html

exports[`ActionTile Story Snapshots > renders default story correctly 1`] = `
<div>
  <button
    aria-label="Test Action - Test subtitle"
    style="background-color: var(--app-color-surface); border-radius: var(--md-sys-shape-corner-large); padding: var(--app-spacing-container); display: flex; flex-direction: row; align-items: center; gap: var(--app-spacing-container); border: medium; cursor: pointer; position: relative; overflow: hidden; text-align: left; box-shadow: var(--md-sys-elevation-level1); transform: translateY(0); min-height: var(--md-sys-spacing-12); width: var(--app-layout-full); outline: none; outline-offset: 0; transition: box-shadow var(--app-motion-quick) var(--app-easing-standard), transform var(--app-motion-quick) var(--app-easing-standard);"
    type="button"
  >
    <div
      style="width: var(--md-sys-spacing-8); height: var(--md-sys-spacing-8); border-radius: var(--md-sys-shape-corner-large); display: flex; align-items: center; justify-content: center; font-size: var(--app-spacing-section); background-color: var(--md-sys-color-surface-variant); color: var(--app-color-on-surface); flex-shrink: 0; box-shadow: var(--md-sys-elevation-level1); border: var(--app-border-normal) solid var(--md-sys-color-outline-variant); transition: box-shadow var(--app-motion-quick) var(--app-easing-standard);"
    >
      <span
        style="font-family: "Material Symbols Outlined"; font-size: var(--app-spacing-section);"
      />
    </div>
    <div
      style="flex-grow: 1; min-width: 0; overflow: hidden; display: flex; flex-direction: column; gap: var(--app-spacing-component);"
    >
      <span
        style="font-family: var(--md-sys-typescale-font-family); font-size: var(--md-sys-typescale-title-medium-font-size); font-weight: var(--md-sys-typescale-title-medium-font-weight); line-height: var(--md-sys-typescale-title-medium-line-height); letter-spacing: var(--md-sys-typescale-title-medium-letter-spacing); color: var(--app-color-on-surface); overflow: hidden; text-overflow: ellipsis; white-space: nowrap; margin: 0px;"
      >
        Test Action
      </span>
      <span
        style="font-family: var(--md-sys-typescale-font-family); font-size: var(--md-sys-typescale-label-medium-font-size); font-weight: var(--md-sys-typescale-label-medium-font-weight); line-height: var(--md-sys-typescale-label-medium-line-height); letter-spacing: 0.08em; color: var(--md-sys-color-on-surface-variant); overflow: hidden; text-overflow: ellipsis; white-space: nowrap; margin: 0px; text-transform: uppercase;"
      >
        Test subtitle
      </span>
    </div>
    <div
      style="width: var(--md-sys-spacing-8); height: var(--md-sys-spacing-8); border-radius: var(--app-layout-half); display: flex; align-items: center; justify-content: center; background-color: var(--md-sys-color-surface-variant); color: var(--md-sys-color-on-surface-variant); flex-shrink: 0; transition: background-color var(--app-motion-quick) var(--app-easing-standard);"
    >
      <span
        style="font-family: "Material Symbols Outlined"; font-size: var(--app-spacing-section); transition: transform var(--app-motion-quick) var(--app-easing-standard);"
      >
        chevron_right
      </span>
    </div>
    <div
      style="position: absolute; top: 0px; left: 0px; right: 0px; bottom: 0px; background: var(--app-easing-standard)-gradient(90deg, transparent, var(--md-sys-color-surface-disabled), transparent); transform: translateX(calc(var(--app-layout-full) * -1)); pointer-events: none; transition: transform var(--md-sys-motion-duration-extra-long) var(--app-easing-standard);"
    />
  </button>
</div>
`;
