// Vitest Snapshot v1, https://vitest.dev/guide/snapshot.html

exports[`AiMemoryChip Story Snapshots > renders default story correctly 1`] = `
<div>
  <div
    aria-label="Contesto AI: Test Context"
    role="note"
    style="display: flex; align-items: center; gap: var(--app-spacing-container); padding: var(--app-spacing-component) var(--app-spacing-component); min-height: var(--md-sys-spacing-8); opacity: 0.6; transition: opacity var(--md-sys-motion-duration-short2) var(--app-easing-standard); user-select: none; cursor: help; background-color: var(--md-sys-color-tertiary-container); border-radius: var(--md-sys-shape-corner-full); border: var(--app-border-normal) solid var(--md-sys-color-tertiary);"
    title="Contesto utilizzato dall'AI"
  >
    <span
      style="font-family: "Material Symbols Outlined"; font-size: var(--app-text-body); color: var(--md-sys-color-tertiary); font-weight: bold; animation: pulse var(--md-sys-motion-duration-extra-long) var(--app-easing-standard) infinite;"
    >
      psychology
    </span>
    <span
      style="font-size: var(--app-text-body); font-weight: 800; color: var(--md-sys-color-tertiary); text-transform: uppercase; letter-spacing: 0.15em;"
    >
      Test Context
    </span>
  </div>
</div>
`;
