// Vitest Snapshot v1, https://vitest.dev/guide/snapshot.html

exports[`AiMemoryChip Story Snapshots > renders default story correctly 1`] = `
<div>
  <div
    aria-label="Contesto AI: Test Context"
    role="note"
    style="display: flex; align-items: center; gap: var(--md-sys-spacing-4); padding: var(--md-sys-spacing-2) var(--md-sys-spacing-2); min-height: var(--md-sys-spacing-8); opacity: 0.6; transition: opacity var(--md-sys-motion-duration-short2) var(--md-sys-motion-easing-standard); user-select: none; cursor: help; background-color: var(--md-sys-color-tertiary-container); border-radius: var(--md-sys-shape-corner-full); border: 1px solid var(--md-sys-color-tertiary);"
    title="Contesto utilizzato dall'AI"
  >
    <span
      style="font-family: "Material Symbols Outlined"; font-size: var(--md-sys-typescale-body-small-font-size); color: var(--md-sys-color-tertiary); font-weight: bold; animation: pulse 2s cubic-bezier(0.4, 0, 0.6, 1) infinite;"
    >
      psychology
    </span>
    <span
      style="font-size: var(--md-sys-typescale-body-small-font-size); font-weight: 800; color: var(--md-sys-color-tertiary); text-transform: uppercase; letter-spacing: 0.15em;"
    >
      Test Context
    </span>
  </div>
</div>
`;
