// Vitest Snapshot v1, https://vitest.dev/guide/snapshot.html

exports[`Avatar Story Snapshots > renders default story correctly 1`] = `
<div>
  <div
    aria-label="DocenteDoc AI Application"
    class="MuiPaper-root MuiPaper-elevation MuiPaper-rounded MuiPaper-elevation0 css-g3p503-MuiPaper-root"
    role="application"
    style="--Paper-shadow: none;"
  >
    <div
      style="position: relative; flex-shrink: 0; border-radius: var(--md-sys-shape-corner-extra-large); overflow: hidden; background-color: var(--md-sys-color-primary-container); color: var(--md-sys-color-on-primary-container); display: flex; align-items: center; justify-content: center; font-weight: var(--md-sys-typescale-weight-black); width: var(--md-sys-spacing-10); height: var(--md-sys-spacing-10); font-size: var(--md-sys-typescale-body-large-font-size);"
    >
      <span>
        TU
      </span>
    </div>
  </div>
</div>
`;
