// Vitest Snapshot v1, https://vitest.dev/guide/snapshot.html

exports[`Avatar Story Snapshots > renders default story correctly 1`] = `
<div>
  <div
    style="position: relative; flex-shrink: 0; border-radius: var(--md-sys-shape-corner-extra-large); overflow: hidden; background-color: var(--app-color-primary-container); color: var(--app-color-on-primary-container); display: flex; align-items: center; justify-content: center; font-weight: 900; width: var(--md-sys-spacing-10); height: var(--md-sys-spacing-10); font-size: var(--app-text-body);"
  >
    <span>
      TU
    </span>
  </div>
</div>
`;
