// Vitest Snapshot v1, https://vitest.dev/guide/snapshot.html

exports[`CategoryCard Story Snapshots > renders default story correctly 1`] = `
<div>
  <div
    aria-label="DocenteDoc AI Application"
    class="MuiPaper-root MuiPaper-elevation MuiPaper-rounded MuiPaper-elevation0 css-1p2xf3b-MuiPaper-root"
    role="application"
    style="--Paper-shadow: none;"
  >
    <div
      aria-pressed="false"
      role="button"
      style="display: flex; flex-direction: column; align-items: center; gap: var(--md-sys-spacing-4); padding: var(--md-sys-spacing-6); border-radius: var(--md-sys-shape-corner-large); border: var(--md-sys-border-width-normal) solid var(--md-sys-color-outline-variant); background-color: var(--md-sys-color-surface-container); box-shadow: var(--md-sys-elevation-level1); cursor: pointer; transition: opacity, transform, background-color, color, border-color, box-shadow var(--md-sys-motion-duration-medium) var(--md-sys-motion-easing-standard); transform: scale(1); outline: none;"
      tabindex="0"
    >
      <div
        style="width: var(--md-sys-spacing-8); height: var(--md-sys-spacing-8); border-radius: var(--md-sys-shape-corner-medium); display: flex; align-items: center; justify-content: center; color: blue; transition: opacity, transform, background-color, color, border-color, box-shadow var(--md-sys-motion-duration-medium) var(--md-sys-motion-easing-standard); transform: rotate(0deg) scale(1);"
      >
        <span
          style="font-size: var(--md-sys-spacing-6);"
        >
          test
        </span>
      </div>
      <div
        style="display: flex; flex-direction: column; align-items: center; gap: var(--md-sys-spacing-4);"
      >
        <h6
          class="MuiTypography-root MuiTypography-subtitle2 css-5qmbmc-MuiTypography-root"
        >
          Test
        </h6>
      </div>
    </div>
  </div>
</div>
`;
