// Vitest Snapshot v1, https://vitest.dev/guide/snapshot.html

exports[`CategoryCard Story Snapshots > renders default story correctly 1`] = `
<div>
  <div
    aria-pressed="false"
    role="button"
    style="display: flex; flex-direction: column; align-items: center; gap: var(--app-spacing-container); padding: var(--app-spacing-section); border-radius: var(--md-sys-shape-corner-large); border: var(--app-border-normal) solid var(--md-sys-color-outline-variant); background-color: var(--app-color-surface-container); box-shadow: var(--md-sys-elevation-level1); cursor: pointer; transition: opacity, transform, background-color, color, border-color, box-shadow var(--app-motion-standard) var(--app-easing-standard); transform: scale(1); outline: none; outline-offset: 0;"
    tabindex="0"
  >
    <div
      style="width: var(--md-sys-spacing-8); height: var(--md-sys-spacing-8); border-radius: var(--md-sys-shape-corner-medium); display: flex; align-items: center; justify-content: center; color: blue; transition: opacity, transform, background-color, color, border-color, box-shadow var(--app-motion-standard) var(--app-easing-standard); transform: rotate(0deg) scale(1);"
    >
      <span
        style="font-family: "Material Symbols Outlined"; font-size: var(--app-spacing-section);"
      >
        test
      </span>
    </div>
    <div
      style="display: flex; flex-direction: column; align-items: center; gap: var(--app-spacing-container);"
    >
      <span
        style="font-family: var(--md-sys-typescale-font-family); font-size: var(--app-text-label); font-weight: 900; line-height: var(--app-text-label-line-height); letter-spacing: -0.025em; color: var(--app-color-on-surface); text-align: center; margin: 0px;"
      >
        Test
      </span>
    </div>
  </div>
</div>
`;
