// Vitest Snapshot v1, https://vitest.dev/guide/snapshot.html

exports[`M3BottomAppBar Story Snapshots > renders default story correctly 1`] = `
<div>
  <div
    style="width: var(--app-layout-full); position: relative; display: flex; align-items: center; gap: var(--app-spacing-component); padding: var(--app-spacing-component) var(--app-spacing-element); background-color: var(--app-color-surface); border-top: var(--app-border-normal) solid var(--md-sys-color-outline-variant); box-sizing: border-box; box-shadow: none;"
  >
    Test
  </div>
</div>
`;
