// Vitest Snapshot v1, https://vitest.dev/guide/snapshot.html

exports[`M3Card Story Snapshots > renders default story correctly 1`] = `
<div>
  <div
    style="padding: var(--app-spacing-section); border-radius: var(--md-sys-shape-corner-large); outline: none; outline-offset: var(--md-sys-spacing-0); background-color: var(--md-sys-color-surface-container-low); box-shadow: var(--app-elevation-level-1); border: medium;"
  >
    Test content
  </div>
</div>
`;
