// Vitest Snapshot v1, https://vitest.dev/guide/snapshot.html

exports[`M3DatePicker Story Snapshots > renders default story correctly 1`] = `
<div>
  <div
    style="width: var(--app-layout-full);"
  >
    <label
      for=":r0:"
      style="display: block; margin-bottom: var(--app-spacing-component); font-size: var(--app-text-body); font-family: var(--md-sys-typescale-body-large-font); font-weight: var(--app-text-body-weight); color: var(--app-color-on-surface);"
    >
      Test
    </label>
    <input
      id=":r0:"
      style="width: var(--app-layout-full); padding: var(--app-spacing-element); border-radius: var(--md-sys-shape-corner-small); border: var(--app-border-normal) solid var(--md-sys-color-outline); box-sizing: border-box; background-color: var(--md-sys-color-surface-container-highest); color: var(--app-color-on-surface); font-family: var(--md-sys-typescale-body-large-font); font-size: var(--app-text-body);"
      type="date"
    />
  </div>
</div>
`;
