// Vitest Snapshot v1, https://vitest.dev/guide/snapshot.html

exports[`M3Dialog Story Snapshots > renders default story correctly 1`] = `
<div>
  <div
    data-fullscreen="false"
    data-testid="m3-dialog"
    role="presentation"
    style="position: fixed; top: 0px; left: 0px; right: 0px; bottom: 0px; z-index: var(--app-z-tooltip);"
  >
    <div
      aria-hidden="true"
      style="position: absolute; top: 0px; left: 0px; right: 0px; bottom: 0px; background-color: var(--md-sys-color-scrim); opacity: 0.32; animation: fade-in var(--app-motion-standard) var(--md-sys-motion-easing-decelerated);"
    />
    <div
      aria-labelledby="dialog-title"
      aria-modal="true"
      role="dialog"
      style="width: var(--app-layout-full); max-width: var(--md-sys-spacing-32); max-height: var(--md-sys-percent-90); margin: var(--app-layout-auto); background-color: var(--md-sys-color-surface-container-high); border-radius: var(--md-sys-shape-corner-large); box-shadow: var(--md-sys-elevation-level3); display: flex; flex-direction: column; position: relative; z-index: var(--app-z-tooltip);"
    >
      <div
        style="display: flex; justify-content: space-between; align-items: flex-start; padding: var(--app-spacing-section); border-bottom: var(--app-border-normal) solid var(--md-sys-color-outline-variant);"
      >
        <div>
          <h2
            id="dialog-title"
            style="font-size: var(--app-text-title); font-weight: var(--app-text-title-weight); line-height: var(--app-text-title-line-height); letter-spacing: var(--md-sys-typescale-headline-large-letter-spacing); color: var(--app-color-on-surface); margin: 0px;"
          >
            Test Dialog
          </h2>
        </div>
        <button
          aria-label="Chiudi"
          data-focus-priority="-1"
          style="display: flex; align-items: center; justify-content: center; padding: var(--app-spacing-container); border-radius: var(--md-sys-shape-corner-large); background-color: transparent; border: medium; cursor: pointer; transition: background-color var(--app-motion-quick) var(--app-easing-standard);"
        >
          <span
            style="font-family: "Material Symbols Outlined"; font-size: var(--app-text-body); color: var(--md-sys-color-on-surface-variant);"
          >
            close
          </span>
        </button>
      </div>
      <div
        style="flex: 1 1 0%; padding: var(--app-spacing-section); overflow-y: auto;"
      >
        Test content
      </div>
    </div>
  </div>
</div>
`;
