// Vitest Snapshot v1, https://vitest.dev/guide/snapshot.html

exports[`M3IconButton Story Snapshots > renders default story correctly 1`] = `
<div>
  <button
    aria-label="Test button"
    class="inline-flex items-center justify-center rounded-full transition-colors focus:outline-none focus:ring-2 focus:ring-offset-2 disabled:opacity-50 disabled:pointer-events-none text-[var(--md-sys-color-on-surface-variant)] hover:bg-[var(--md-sys-color-surface-variant)] focus:ring-[var(--md-sys-color-primary)] w-10 h-10"
    title="Test button"
    type="button"
  >
    <span
      aria-hidden="true"
      class="material-symbols-outlined select-none text-xl"
    >
      test-icon
    </span>
  </button>
</div>
`;
