// Vitest Snapshot v1, https://vitest.dev/guide/snapshot.html

exports[`M3ListItem Story Snapshots > renders default story correctly 1`] = `
<div>
  <div
    class="flex items-start gap-4 p-4 rounded-[var(--md-sys-shape-corner-medium)] transition-all min-h-[56px]  "
  >
    <div
      class="flex-grow min-w-0 flex flex-col gap-0.5"
    >
      <div
        class="text-[var(--md-sys-color-on-surface)] font-bold truncate text-[var(--md-sys-typescale-body-large)] font-[var(--md-sys-typescale-body-large-font)]"
      >
        Test
      </div>
    </div>
  </div>
</div>
`;
