// Vitest Snapshot v1, https://vitest.dev/guide/snapshot.html

exports[`M3ListItem Story Snapshots > renders default story correctly 1`] = `
<div>
  <div
    style="display: flex; align-items: flex-start; gap: var(--md-sys-spacing-4); padding: var(--md-sys-spacing-4); border-radius: var(--md-sys-shape-corner-medium); transition: all var(--md-sys-motion-duration-short2) var(--md-sys-motion-easing-standard); min-height: var(--md-sys-spacing-12); cursor: default; background-color: transparent; outline: none; outline-offset: 0; border: medium; text-align: left; width: 100%;"
  >
    <div
      style="flex-grow: 1; min-width: 0; display: flex; flex-direction: column; gap: var(--md-sys-spacing-1);"
    >
      <div
        style="color: var(--md-sys-color-on-surface); font-weight: var(--md-sys-typescale-body-large-font-weight); overflow: hidden; text-overflow: ellipsis; white-space: nowrap; font-size: var(--md-sys-typescale-body-large-font-size); line-height: var(--md-sys-typescale-body-large-line-height);"
      >
        Test
      </div>
    </div>
  </div>
</div>
`;
