// Vitest Snapshot v1, https://vitest.dev/guide/snapshot.html

exports[`M3Popover Story Snapshots > renders default story correctly 1`] = `
<div>
  <div
    aria-label="DocenteDoc AI Application"
    role="application"
    style="background-color: var(--md-sys-color-background); color: var(--md-sys-color-on-background); min-height: var(--md-sys-viewport-height-full);"
  />
</div>
`;
