// Vitest Snapshot v1, https://vitest.dev/guide/snapshot.html

exports[`SelectField Story Snapshots > renders default story correctly 1`] = `
<div>
  <div
    style="display: flex; flex-direction: column; gap: var(--app-spacing-component); width: auto; margin-bottom: var(--app-spacing-container);"
  >
    <label
      style="font-family: var(--md-sys-typescale-font-family); font-size: var(--app-text-label); font-weight: var(--app-text-label-weight); line-height: var(--app-text-label-line-height); letter-spacing: var(--md-sys-typescale-body-large-letter-spacing); color: var(--md-sys-color-on-surface-variant);"
    >
      Test
    </label>
    <div
      style="position: relative; display: flex; align-items: center; background-color: var(--md-sys-color-surface-container-highest); border-radius: var(--md-sys-shape-corner-large); padding: var(--app-spacing-element) var(--app-spacing-container); transition: all var(--app-motion-quick) var(--app-easing-standard); box-shadow: none; border-color: var(--md-sys-color-outline);"
    >
      <select
        aria-label="Test"
        style="flex: 1 1 0%; border: medium; background-color: transparent; color: var(--app-color-on-surface); font-size: var(--app-text-body); font-family: var(--md-sys-typescale-body-large-font-family); font-weight: var(--app-text-body-weight); line-height: var(--app-text-body-line-height); letter-spacing: var(--md-sys-typescale-body-large-letter-spacing); outline: none; appearance: none; cursor: pointer;"
      >
        <option>
          Test
        </option>
      </select>
      <span
        aria-hidden="true"
        style="font-family: "Material Symbols Outlined"; position: absolute; right: var(--app-spacing-component); top: var(--app-layout-half); transform: translateY(-50%); pointer-events: none; color: var(--md-sys-color-on-surface-variant); font-size: var(--app-spacing-container); transition: color var(--app-motion-quick) var(--app-easing-standard);"
      >
        expand_more
      </span>
    </div>
  </div>
</div>
`;
