// Vitest Snapshot v1, https://vitest.dev/guide/snapshot.html

exports[`TextArea Story Snapshots > renders default story correctly 1`] = `
<div>
  <div
    style="display: flex; flex-direction: column; gap: var(--app-spacing-component); width: auto; margin-bottom: var(--app-spacing-container);"
  >
    <label
      style="color: var(--md-sys-color-on-surface-variant); font-size: var(--app-text-label); font-family: var(--md-sys-typescale-label-large-font-family); font-weight: var(--app-text-label-weight); line-height: var(--app-text-label-line-height); letter-spacing: var(--md-sys-typescale-label-large-letter-spacing); margin-bottom: var(--app-spacing-component);"
    />
    <div
      style="position: relative; display: flex; align-items: flex-start; background-color: var(--md-sys-color-surface-container-highest); border: var(--app-border-normal) solid var(--md-sys-color-outline); border-radius: var(--md-sys-shape-corner-large); padding: var(--app-spacing-element) var(--app-spacing-container); transition: all var(--md-sys-motion-duration-short-2) var(--app-easing-standard); min-height: var(--md-sys-spacing-12);"
    >
      <textarea
        rows="3"
        style="flex: 1 1 0%; border: medium; background-color: transparent; color: var(--app-color-on-surface); font-size: var(--app-text-body); font-family: var(--md-sys-typescale-body-large-font-family); font-weight: var(--app-text-body-weight); line-height: var(--app-text-body-line-height); letter-spacing: var(--md-sys-typescale-body-large-letter-spacing); outline: none; resize: none; width: var(--app-layout-full); min-height: var(--md-sys-spacing-12);"
      />
    </div>
  </div>
</div>
`;
