// Vitest Snapshot v1, https://vitest.dev/guide/snapshot.html

exports[`UseCaseCard Story Snapshots > renders default story correctly 1`] = `
<div>
  <div
    class="bg-surface/80 backdrop-blur-md p-6 rounded-[var(--md-sys-shape-corner-extra-large)] border border-[var(--md-sys-color-outline-variant)]/30 shadow-sm hover:shadow-[var(--md-sys-elevation-level1)] transition-shadow"
  >
    <div
      class="flex items-center gap-6 mb-8"
    >
      <div
        class="w-8 h-8 rounded-[var(--md-sys-shape-corner-small)] bg-primary/10 flex items-center justify-center text-primary"
      >
        <span
          class="material-symbols-outlined text-lg"
        >
          lightbulb
        </span>
      </div>
      <p
        class="m3-label-small text-primary uppercase font-black tracking-[0.2em] opacity-70"
      >
        Scenario
      </p>
    </div>
    <p
      class="m3-title-large font-extrabold mb-5 leading-tight italic"
    >
      "
      Test
      "
    </p>
    <ol
      class="space-y-4"
    >
      <li
        class="flex gap-8 items-start group"
      >
        <span
          class="w-6 h-6 rounded-full bg-[var(--md-sys-color-surface-container-high)]est flex items-center justify-center text-[10px] font-black flex-shrink-0 mt-0.5 group-hover:bg-primary group-hover:text-on-primary transition-colors"
        >
          1
        </span>
        <p
          class="text-[var(--md-sys-typescale-body-medium)] font-[var(--md-sys-typescale-body-medium-font)] text-[var(--md-sys-color-on-surface)]-variant font-bold leading-relaxed"
        >
          Step 1
        </p>
      </li>
    </ol>
  </div>
</div>
`;
