// Vitest Snapshot v1, https://vitest.dev/guide/snapshot.html

exports[`UseCaseCard Story Snapshots > renders default story correctly 1`] = `
<div>
  <div
    style="background-color: var(--app-color-surface); border-radius: var(--md-sys-shape-corner-medium); padding: var(--app-spacing-section); border: var(--app-border-normal) solid var(--md-sys-color-outline);"
  >
    <div
      style="display: flex; align-items: center; gap: var(--app-spacing-section); margin-bottom: var(--md-sys-spacing-8);"
    >
      <div
        style="border-radius: var(--md-sys-shape-corner-medium); background-color: var(--app-color-primary); width: var(--md-sys-spacing-32); height: var(--md-sys-spacing-32); display: flex; align-items: center; justify-content: center; color: var(--app-color-on-primary);"
      >
        <span
          style="font-size: var(--app-text-title);"
        >
          lightbulb
        </span>
      </div>
      <p
        style="color: var(--app-color-primary); text-transform: uppercase; font-weight: 900; opacity: 0.7;"
      >
        Scenario
      </p>
    </div>
    <p
      style="line-height: 1.25;"
    >
      "
      Test
      "
    </p>
    <ol
      style="margin-top: var(--app-spacing-container);"
    >
      <li
        style="display: flex; gap: var(--md-sys-spacing-8); align-items: flex-start;"
      >
        <span
          style="background-color: var(--app-color-surface); color: var(--app-color-primary); width: var(--app-spacing-section); height: var(--app-spacing-section); border-radius: var(--md-sys-shape-corner-full); display: flex; align-items: center; justify-content: center; font-weight: 900; flex-shrink: 0; transition: color var(--app-motion-standard);"
        >
          1
        </span>
        <p
          style="color: var(--md-sys-color-outline); font-weight: bold; line-height: var(--app-text-body-line-height);"
        >
          Step 1
        </p>
      </li>
    </ol>
  </div>
</div>
`;
