// Vitest Snapshot v1, https://vitest.dev/guide/snapshot.html

exports[`BarChart Story Snapshots > renders default story correctly 1`] = `
<div>
  <div
    style="position: relative;"
  >
    <svg
      preserveAspectRatio="xMidYMid meet"
      viewBox="0 0 500 250"
    >
      <g>
        <path
          d="M 0 0 h 495 v 250 h -495 Z"
          fill="var(--md-sys-color-primary)"
        />
        <text
          fill="var(--md-sys-color-onSurface-variant)"
          font-size="var(--md-sys-typescale-body-large-font-size)"
          text-anchor="middle"
          x="247.5"
          y="245"
        >
          Test
        </text>
      </g>
    </svg>
  </div>
</div>
`;
