// Vitest Snapshot v1, https://vitest.dev/guide/snapshot.html

exports[`M3BottomAppBar Story Snapshots > renders default story correctly 1`] = `
<div>
  <div
    style="width: 100%; position: relative; display: flex; align-items: center; gap: var(--md-sys-spacing-3); padding: var(--md-sys-spacing-3) var(--md-sys-spacing-4); background-color: var(--md-sys-color-surface); border-top: 1px solid var(--md-sys-color-outline-variant); box-sizing: border-box; box-shadow: none;"
  >
    Test
  </div>
</div>
`;
