// Vitest Snapshot v1, https://vitest.dev/guide/snapshot.html

exports[`BarChart Story Snapshots > renders default story correctly 1`] = `
<div>
  <div
    style="position: relative;"
  >
    <svg
      height="250"
      preserveAspectRatio="xMidYMid meet"
      viewBox="0 0 500 250"
      width="100%"
    >
      <g>
        <rect
          class="bar-chart-bar"
          fill="#000"
          height="250"
          rx="4"
          width="495"
          x="0"
          y="0"
        />
        <text
          class="chart-text"
          fill="var(--md-sys-color-on-surface-variant)"
          font-size="12"
          text-anchor="middle"
          x="247.5"
          y="245"
        >
          Test
        </text>
      </g>
    </svg>
  </div>
</div>
`;
