// Vitest Snapshot v1, https://vitest.dev/guide/snapshot.html

exports[`M3Button Story Snapshots > renders default story correctly 1`] = `
<div>
  <button
    class="inline-flex items-center justify-center font-medium transition-colors focus:outline-none focus:ring-2 focus:ring-offset-2 disabled:opacity-50 disabled:pointer-events-none bg-[var(--md-sys-color-primary)] text-[var(--md-sys-color-on-primary)] hover:bg-[var(--md-sys-color-primary)] hover:shadow-md focus:ring-[var(--md-sys-color-primary)] h-[var(--md-sys-spacing-10)] px-[var(--md-sys-spacing-6)] text-[var(--md-sys-typescale-label-large-font-size)] gap-[var(--md-sys-spacing-2)] rounded-[var(--md-sys-shape-corner-medium)]"
    style="font-family: var(--md-sys-typescale-label-large-font-family); font-weight: var(--md-sys-typescale-label-large-font-weight); line-height: var(--md-sys-typescale-label-large-line-height); letter-spacing: var(--md-sys-typescale-label-large-letter-spacing);"
    type="button"
  >
    <span
      style="flex: 1 1 0%; text-align: center;"
    >
      Click me
    </span>
  </button>
</div>
`;
